###############################################################################
#
# IAR ELF Linker V2.20.1.176 for STM8                     03/Jan/2019  08:52:26
# Copyright 2010-2015 IAR Systems AB.
#
#    Output file  =  
#        F:\»ŸÃ©Ω°øµ\∞¥ƒ¶“Œ\RT5510\RT5512”√ªß≥Ã–Ú\RT5510\Debug\Exe\RT5510.out.tmp
#    Map file     =  
#        F:\»ŸÃ©Ω°øµ\∞¥ƒ¶“Œ\RT5510\RT5512”√ªß≥Ã–Ú\RT5510\Debug\List\RT5510.map
#    Command line =  
#        F:\»ŸÃ©Ω°øµ\∞¥ƒ¶“Œ\RT5510\RT5512”√ªß≥Ã–Ú\RT5510\Debug\Obj\Data_Cul.o
#        F:\»ŸÃ©Ω°øµ\∞¥ƒ¶“Œ\RT5510\RT5512”√ªß≥Ã–Ú\RT5510\Debug\Obj\Input.o
#        F:\»ŸÃ©Ω°øµ\∞¥ƒ¶“Œ\RT5510\RT5512”√ªß≥Ã–Ú\RT5510\Debug\Obj\KneadMotor.o
#        F:\»ŸÃ©Ω°øµ\∞¥ƒ¶“Œ\RT5510\RT5512”√ªß≥Ã–Ú\RT5510\Debug\Obj\main.o
#        F:\»ŸÃ©Ω°øµ\∞¥ƒ¶“Œ\RT5510\RT5512”√ªß≥Ã–Ú\RT5510\Debug\Obj\stm8s_adc1.o
#        F:\»ŸÃ©Ω°øµ\∞¥ƒ¶“Œ\RT5510\RT5512”√ªß≥Ã–Ú\RT5510\Debug\Obj\stm8s_clk.o
#        F:\»ŸÃ©Ω°øµ\∞¥ƒ¶“Œ\RT5510\RT5512”√ªß≥Ã–Ú\RT5510\Debug\Obj\stm8s_flash.o
#        F:\»ŸÃ©Ω°øµ\∞¥ƒ¶“Œ\RT5510\RT5512”√ªß≥Ã–Ú\RT5510\Debug\Obj\stm8s_gpio.o
#        F:\»ŸÃ©Ω°øµ\∞¥ƒ¶“Œ\RT5510\RT5512”√ªß≥Ã–Ú\RT5510\Debug\Obj\stm8s_it.o
#        F:\»ŸÃ©Ω°øµ\∞¥ƒ¶“Œ\RT5510\RT5512”√ªß≥Ã–Ú\RT5510\Debug\Obj\stm8s_itc.o
#        F:\»ŸÃ©Ω°øµ\∞¥ƒ¶“Œ\RT5510\RT5512”√ªß≥Ã–Ú\RT5510\Debug\Obj\stm8s_iwdg.o
#        F:\»ŸÃ©Ω°øµ\∞¥ƒ¶“Œ\RT5510\RT5512”√ªß≥Ã–Ú\RT5510\Debug\Obj\stm8s_tim1.o
#        F:\»ŸÃ©Ω°øµ\∞¥ƒ¶“Œ\RT5510\RT5512”√ªß≥Ã–Ú\RT5510\Debug\Obj\stm8s_tim2.o
#        F:\»ŸÃ©Ω°øµ\∞¥ƒ¶“Œ\RT5510\RT5512”√ªß≥Ã–Ú\RT5510\Debug\Obj\stm8s_tim3.o
#        F:\»ŸÃ©Ω°øµ\∞¥ƒ¶“Œ\RT5510\RT5512”√ªß≥Ã–Ú\RT5510\Debug\Obj\stm8s_tim4.o
#        F:\»ŸÃ©Ω°øµ\∞¥ƒ¶“Œ\RT5510\RT5512”√ªß≥Ã–Ú\RT5510\Debug\Obj\stm8s_uart2.o
#        F:\»ŸÃ©Ω°øµ\∞¥ƒ¶“Œ\RT5510\RT5512”√ªß≥Ã–Ú\RT5510\Debug\Obj\time4.o
#        F:\»ŸÃ©Ω°øµ\∞¥ƒ¶“Œ\RT5510\RT5512”√ªß≥Ã–Ú\RT5510\Debug\Obj\Timer.o
#        F:\»ŸÃ©Ω°øµ\∞¥ƒ¶“Œ\RT5510\RT5512”√ªß≥Ã–Ú\RT5510\Debug\Obj\uart485.o
#        F:\»ŸÃ©Ω°øµ\∞¥ƒ¶“Œ\RT5510\RT5512”√ªß≥Ã–Ú\RT5510\Debug\Obj\WalkMotor.o
#        --redirect _Printf=_PrintfSmall --redirect _Scanf=_ScanfSmall -o
#        F:\»ŸÃ©Ω°øµ\∞¥ƒ¶“Œ\RT5510\RT5512”√ªß≥Ã–Ú\RT5510\Debug\Exe\RT5510.out.tmp
#        --map
#        F:\»ŸÃ©Ω°øµ\∞¥ƒ¶“Œ\RT5510\RT5512”√ªß≥Ã–Ú\RT5510\Debug\List\RT5510.map
#        --config F:\»ŸÃ©Ω°øµ\∞¥ƒ¶“Œ\RT5510\RT5512”√ªß≥Ã–Ú\lnkstm8s105c4.icf
#        --config_def _CSTACK_SIZE=0x100 --config_def _HEAP_SIZE=0x100 --keep
#        __checksum --entry __iar_program_start --place_holder
#        __checksum,4,.checksum,1 --define_symbol __checksum_begin=0x9800
#        --define_symbol __checksum_end=0xbfff --debug_lib
#
###############################################################################

*******************************************************************************
*** RUNTIME MODEL ATTRIBUTES
***

__SystemLibrary            = DLib
__code_model               = medium_or_large
__core                     = stm8
__data_model               = medium
__dlib_file_descriptor     = 0
__dlib_full_locale_support = 0
__rt_version               = 4


*******************************************************************************
*** PLACEMENT SUMMARY
***

"A1":  place at start of [0x000000-0x0000ff] { rw section .vregs };
"A2":  place at end of [0x000000-0x0007ff] { block CSTACK };
"P2":  place in [from 0x000000 to 0x0007ff] {
          block HEAP, rw section __DLIB_PERTHREAD, rw section .far.bss,
          rw section .far.data, rw section .far.noinit,
          rw section .far_func.textrw, rw section .huge.bss,
          rw section .huge.data, rw section .huge.noinit,
          rw section .huge_func.textrw, rw section .iar.dynexit,
          rw section .near.bss, rw section .near.data, rw section .near.noinit,
          rw section .near_func.textrw };
"A3":  place at start of [0x009800-0x00bfff] { block INTVEC };
"P3":  place in [from 0x009800 to 0x00bfff] {
          ro section __DLIB_PERTHREAD_init, ro section .far.data_init,
          ro section .far_func.textrw_init, ro section .huge.data_init,
          ro section .huge_func.textrw_init, ro section .iar.init_table,
          ro section .init_array, ro section .near.data_init,
          ro section .near.rodata, ro section .near_func.text,
          ro section .near_func.textrw_init, ro section .tiny.data_init,
          ro section .tiny.rodata_init };
"P4":  place in [from 0x009800 to 0x00bfff] {
          ro section .far.rodata, ro section .far_func.text };
"A4":  place at 0x00befc { ro section .checksum };

  Section            Kind      Address    Size  Object
  -------            ----      -------    ----  ------
"A1":                                     0x10
  .vregs             uninit   0x000000    0x10  vregs.o [4]
                            - 0x000010    0x10

"P2", part 1 of 3:                         0x6
  P2-1                        0x000010     0x6  <Init block>
    .near.data       inited   0x000010     0x2  main.o [1]
    .near.data       inited   0x000012     0x2  main.o [1]
    .near.data       inited   0x000014     0x2  main.o [1]
                            - 0x000016     0x6

"P2", part 2 of 3:                        0x30
  .near.noinit       uninit   0x000016    0x11  main.o [1]
  .near.noinit       uninit   0x000027     0x7  main.o [1]
  .near.noinit       uninit   0x00002e     0x4  main.o [1]
  .near.noinit       uninit   0x000032     0x4  main.o [1]
  .near.noinit       uninit   0x000036     0x2  Data_Cul.o [1]
  .near.noinit       uninit   0x000038     0x2  Data_Cul.o [1]
  .near.noinit       uninit   0x00003a     0x2  Data_Cul.o [1]
  .near.noinit       uninit   0x00003c     0x2  Data_Cul.o [1]
  .near.noinit       uninit   0x00003e     0x2  main.o [1]
  .near.noinit       uninit   0x000040     0x2  main.o [1]
  .near.noinit       uninit   0x000042     0x2  main.o [1]
  .near.noinit       uninit   0x000044     0x1  main.o [1]
  .near.noinit       uninit   0x000045     0x1  main.o [1]
                            - 0x000046    0x30

"P2", part 3 of 3:                        0x99
  .near.bss          zero     0x000046    0x57  main.o [1]
  .near.bss          zero     0x00009d    0x10  Timer.o [1]
  .near.bss          zero     0x0000ad     0x5  main.o [1]
  .near.bss          zero     0x0000b2     0x4  main.o [1]
  .near.bss          zero     0x0000b6     0x2  KneadMotor.o [1]
  .near.bss          zero     0x0000b8     0x2  main.o [1]
  .near.bss          zero     0x0000ba     0x2  main.o [1]
  .near.bss          zero     0x0000bc     0x2  time4.o [1]
  .near.bss          zero     0x0000be     0x2  uart485.o [1]
  .near.bss          zero     0x0000c0     0x2  uart485.o [1]
  .near.bss          zero     0x0000c2     0x2  WalkMotor.o [1]
  .near.bss          zero     0x0000c4     0x1  Input.o [1]
  .near.bss          zero     0x0000c5     0x1  Input.o [1]
  .near.bss          zero     0x0000c6     0x1  Input.o [1]
  .near.bss          zero     0x0000c7     0x1  KneadMotor.o [1]
  .near.bss          zero     0x0000c8     0x1  KneadMotor.o [1]
  .near.bss          zero     0x0000c9     0x1  KneadMotor.o [1]
  .near.bss          zero     0x0000ca     0x1  main.o [1]
  .near.bss          zero     0x0000cb     0x1  main.o [1]
  .near.bss          zero     0x0000cc     0x1  main.o [1]
  .near.bss          zero     0x0000cd     0x1  main.o [1]
  .near.bss          zero     0x0000ce     0x1  main.o [1]
  .near.bss          zero     0x0000cf     0x1  main.o [1]
  .near.bss          zero     0x0000d0     0x1  main.o [1]
  .near.bss          zero     0x0000d1     0x1  main.o [1]
  .near.bss          zero     0x0000d2     0x1  main.o [1]
  .near.bss          zero     0x0000d3     0x1  main.o [1]
  .near.bss          zero     0x0000d4     0x1  main.o [1]
  .near.bss          zero     0x0000d5     0x1  main.o [1]
  .near.bss          zero     0x0000d6     0x1  main.o [1]
  .near.bss          zero     0x0000d7     0x1  time4.o [1]
  .near.bss          zero     0x0000d8     0x1  time4.o [1]
  .near.bss          zero     0x0000d9     0x1  time4.o [1]
  .near.bss          zero     0x0000da     0x1  time4.o [1]
  .near.bss          zero     0x0000db     0x1  time4.o [1]
  .near.bss          zero     0x0000dc     0x1  Timer.o [1]
  .near.bss          zero     0x0000dd     0x1  uart485.o [1]
  .near.bss          zero     0x0000de     0x1  WalkMotor.o [1]
                            - 0x0000df    0x99

"A2":                                    0x100
  CSTACK                      0x000700   0x100  <Block>
    CSTACK           uninit   0x000700   0x100  <Block tail>
                            - 0x000800   0x100

"A3":                                    0x100
  INTVEC                      0x009800   0x100  <Block>
    .intvec          const    0x009800    0x80  interrupt.o [4]
    INTVEC           const    0x009880    0x80  <Block tail>
                            - 0x009900   0x100

"P3":                                    0x105
  .near.rodata       const    0x009900    0xb4  main.o [1]
  .near.rodata       const    0x0099b4    0x25  main.o [1]
  .iar.init_table    const    0x0099d9    0x14  - Linker created -
  .near.rodata       const    0x0099ed     0xe  main.o [1]
  Initializer bytes  const    0x0099fb     0x6  <for P2-1>
  .near.rodata       const    0x009a01     0x4  stm8s_clk.o [1]
                            - 0x009a05   0x105

"P4":                                   0x1db3
  .far_func.text     ro code  0x009a05   0x1d4  main.o [1]
  .far_func.text     ro code  0x009bd9   0x188  long.o [4]
  .far_func.text     ro code  0x009d61   0x15f  stm8s_uart2.o [1]
  .far_func.text     ro code  0x009ec0   0x13c  time4.o [1]
  .far_func.text     ro code  0x009ffc   0x135  uart485.o [1]
  .far_func.text     ro code  0x00a131   0x126  vreg_util.o [4]
  .far_func.text     ro code  0x00a257   0x108  main.o [1]
  .far_func.text     ro code  0x00a35f    0xe2  main.o [1]
  .far_func.text     ro code  0x00a441    0xcc  main.o [1]
  .far_func.text     ro code  0x00a50d    0xb6  stm8s_uart2.o [1]
  .far_func.text     ro code  0x00a5c3    0xb6  WalkMotor.o [1]
  .far_func.text     ro code  0x00a679    0xaf  stm8s_gpio.o [1]
  .far_func.text     ro code  0x00a728    0xae  main.o [1]
  .far_func.text     ro code  0x00a7d6    0xab  main.o [1]
  .far_func.text     ro code  0x00a881    0xa4  main.o [1]
  .far_func.text     ro code  0x00a925    0x99  stm8s_tim1.o [1]
  .far_func.text     ro code  0x00a9be    0x8d  stm8s_uart2.o [1]
  .far_func.text     ro code  0x00aa4b    0x85  WalkMotor.o [1]
  .far_func.text     ro code  0x00aad0    0x83  Timer.o [1]
  .far_func.text     ro code  0x00ab53    0x7e  main.o [1]
  .far_func.text     ro code  0x00abd1    0x7a  Data_Cul.o [1]
  .far_func.text     ro code  0x00ac4b    0x61  main.o [1]
  .far_func.text     ro code  0x00acac    0x61  stm8s_tim1.o [1]
  .far_func.text     ro code  0x00ad0d    0x60  stm8s_flash.o [1]
  .far_func.text     ro code  0x00ad6d    0x5c  stm8s_clk.o [1]
  .far_func.text     ro code  0x00adc9    0x59  KneadMotor.o [1]
  .far_func.text     ro code  0x00ae22    0x59  main.o [1]
  .far_func.text     ro code  0x00ae7b    0x58  KneadMotor.o [1]
  .far_func.text     ro code  0x00aed3    0x58  stm8s_clk.o [1]
  .far_func.text     ro code  0x00af2b    0x58  dc_util.o [4]
  .far_func.text     ro code  0x00af83    0x57  KneadMotor.o [1]
  .far_func.text     ro code  0x00afda    0x51  main.o [1]
  .far_func.text     ro code  0x00b02b    0x4e  uart485.o [1]
  .far_func.text     ro code  0x00b079    0x49  stm8s_uart2.o [1]
  .far_func.text     ro code  0x00b0c2    0x43  stm8s_tim1.o [1]
  .far_func.text     ro code  0x00b105    0x43  stm8s_tim1.o [1]
  .far_func.text     ro code  0x00b148    0x42  main.o [1]
  .far_func.text     ro code  0x00b18a    0x3e  long_util.o [4]
  .far_func.text     ro code  0x00b1c8    0x3b  main.o [1]
  .far_func.text     ro code  0x00b203    0x39  main.o [1]
  .far_func.text     ro code  0x00b23c    0x35  main.o [1]
  .far_func.text     ro code  0x00b271    0x35  main.o [1]
  .far_func.text     ro code  0x00b2a6    0x35  short.o [4]
  .far_func.text     ro code  0x00b2db    0x31  main.o [1]
  .far_func.text     ro code  0x00b30c    0x31  stm8s_tim3.o [1]
  .far_func.text     ro code  0x00b33d    0x31  stm8s_tim3.o [1]
  .far_func.text     ro code  0x00b36e    0x30  stm8s_clk.o [1]
  .far_func.text     ro code  0x00b39e    0x2c  Input.o [1]
  .far_func.text     ro code  0x00b3ca    0x2a  uart485.o [1]
  .far_func.text     ro code  0x00b3f4    0x29  stm8s_uart2.o [1]
  .far_func.text     ro code  0x00b41d    0x28  main.o [1]
  .far_func.text     ro code  0x00b445    0x28  init_small.o [4]
  .far_func.text     ro code  0x00b46d    0x24  stm8s_tim1.o [1]
  .far_func.text     ro code  0x00b491    0x23  Data_Cul.o [1]
  .far_func.text     ro code  0x00b4b4    0x23  Input.o [1]
  .far_func.text     ro code  0x00b4d7    0x22  Timer.o [1]
  .far_func.text     ro code  0x00b4f9    0x1e  init.o [4]
  .far_func.text     ro code  0x00b517    0x1e  init_small.o [4]
  .far_func.text     ro code  0x00b535    0x1b  main.o [1]
  .far_func.text     ro code  0x00b550    0x1b  stm8s_it.o [1]
  .far_func.text     ro code  0x00b56b    0x1b  stm8s_it.o [1]
  .far_func.text     ro code  0x00b586    0x1a  uart485.o [1]
  .far_func.text     ro code  0x00b5a0    0x17  cstartup.o [4]
  .far_func.text     ro code  0x00b5b7    0x16  stm8s_flash.o [1]
  .far_func.text     ro code  0x00b5cd    0x16  __dbg_xxexit.o [3]
  .far_func.text     ro code  0x00b5e3    0x15  main.o [1]
  .far_func.text     ro code  0x00b5f8    0x15  time4.o [1]
  .far_func.text     ro code  0x00b60d    0x13  Data_Cul.o [1]
  .far_func.text     ro code  0x00b620    0x11  WalkMotor.o [1]
  .far_func.text     ro code  0x00b631    0x11  WalkMotor.o [1]
  .far_func.text     ro code  0x00b642    0x11  WalkMotor.o [1]
  .far_func.text     ro code  0x00b653     0xf  main.o [1]
  .far_func.text     ro code  0x00b662     0xe  far_util.o [4]
  .far_func.text     ro code  0x00b670     0xd  stm8s_clk.o [1]
  .far_func.text     ro code  0x00b67d     0xd  stm8s_tim1.o [1]
  .far_func.text     ro code  0x00b68a     0xd  stm8s_tim1.o [1]
  .far_func.text     ro code  0x00b697     0xd  stm8s_tim1.o [1]
  .far_func.text     ro code  0x00b6a4     0xd  stm8s_tim1.o [1]
  .far_func.text     ro code  0x00b6b1     0xd  stm8s_tim3.o [1]
  .far_func.text     ro code  0x00b6be     0xd  stm8s_tim3.o [1]
  .far_func.text     ro code  0x00b6cb     0xd  stm8s_tim3.o [1]
  .far_func.text     ro code  0x00b6d8     0xd  stm8s_tim3.o [1]
  .far_func.text     ro code  0x00b6e5     0xd  stm8s_uart2.o [1]
  .far_func.text     ro code  0x00b6f2     0xc  stm8s_tim3.o [1]
  .far_func.text     ro code  0x00b6fe     0xb  main.o [1]
  .far_func.text     ro code  0x00b709     0xb  stm8s_flash.o [1]
  .far_func.text     ro code  0x00b714     0xa  main.o [1]
  .far_func.text     ro code  0x00b71e     0x9  stm8s_gpio.o [1]
  .far_func.text     ro code  0x00b727     0x9  Timer.o [1]
  .far_func.text     ro code  0x00b730     0x7  stm8s_flash.o [1]
  .far_func.text     ro code  0x00b737     0x7  stm8s_gpio.o [1]
  .far_func.text     ro code  0x00b73e     0x6  Data_Cul.o [1]
  .far_func.text     ro code  0x00b744     0x6  char.o [4]
  .far_func.text     ro code  0x00b74a     0x6  cexit.o [4]
  .far_func.text     ro code  0x00b750     0x5  Input.o [1]
  .far_func.text     ro code  0x00b755     0x5  main.o [1]
  .far_func.text     ro code  0x00b75a     0x5  main.o [1]
  .far_func.text     ro code  0x00b75f     0x5  stm8s_iwdg.o [1]
  .far_func.text     ro code  0x00b764     0x5  Timer.o [1]
  .far_func.text     ro code  0x00b769     0x4  Data_Cul.o [1]
  .far_func.text     ro code  0x00b76d     0x4  Data_Cul.o [1]
  .far_func.text     ro code  0x00b771     0x4  main.o [1]
  .far_func.text     ro code  0x00b775     0x4  stm8s_flash.o [1]
  .far_func.text     ro code  0x00b779     0x4  stm8s_flash.o [1]
  .far_func.text     ro code  0x00b77d     0x4  stm8s_gpio.o [1]
  .far_func.text     ro code  0x00b781     0x4  stm8s_uart2.o [1]
  .far_func.text     ro code  0x00b785     0x4  stm8s_uart2.o [1]
  .far_func.text     ro code  0x00b789     0x4  uart485.o [1]
  .far_func.text     ro code  0x00b78d     0x4  uart485.o [1]
  .far_func.text     ro code  0x00b791     0x4  uart485.o [1]
  .far_func.text     ro code  0x00b795     0x4  interrupt.o [4]
  .far_func.text     ro code  0x00b799     0x4  exit.o [4]
  .far_func.text     ro code  0x00b79d     0x3  low_level_init.o [4]
  .far_func.text     ro code  0x00b7a0     0x3  unhandled_exception.o [4]
  .far_func.text     ro code  0x00b7a3     0x1  main.o [1]
  .far_func.text     ro code  0x00b7a4     0x1  stm8s_it.o [1]
  .far_func.text     ro code  0x00b7a5     0x1  stm8s_it.o [1]
  .far_func.text     ro code  0x00b7a6     0x1  stm8s_it.o [1]
  .far_func.text     ro code  0x00b7a7     0x1  stm8s_it.o [1]
  .far_func.text     ro code  0x00b7a8     0x1  stm8s_it.o [1]
  .far_func.text     ro code  0x00b7a9     0x1  stm8s_it.o [1]
  .far_func.text     ro code  0x00b7aa     0x1  stm8s_it.o [1]
  .far_func.text     ro code  0x00b7ab     0x1  stm8s_it.o [1]
  .far_func.text     ro code  0x00b7ac     0x1  stm8s_it.o [1]
  .far_func.text     ro code  0x00b7ad     0x1  stm8s_it.o [1]
  .far_func.text     ro code  0x00b7ae     0x1  stm8s_it.o [1]
  .far_func.text     ro code  0x00b7af     0x1  stm8s_it.o [1]
  .far_func.text     ro code  0x00b7b0     0x1  stm8s_it.o [1]
  .far_func.text     ro code  0x00b7b1     0x1  stm8s_it.o [1]
  .far_func.text     ro code  0x00b7b2     0x1  stm8s_it.o [1]
  .far_func.text     ro code  0x00b7b3     0x1  stm8s_it.o [1]
  .far_func.text     ro code  0x00b7b4     0x1  stm8s_it.o [1]
  .far_func.text     ro code  0x00b7b5     0x1  stm8s_it.o [1]
  .far_func.text     ro code  0x00b7b6     0x1  stm8s_it.o [1]
  .far_func.text     ro code  0x00b7b7     0x1  __dbg_break.o [3]
                            - 0x00b7b8  0x1db3

"A4":                                      0x4
  .checksum          const    0x00befc     0x4  Place holder __checksum
                            - 0x00bf00     0x4


*******************************************************************************
*** INIT TABLE
***

          Address   Size
          -------   ----
Zero (__iar_zero_init2)
    1 destination range, total size 0x99:
          0x000046  0x99

Copy (__iar_copy_init2)
    1 source range, total size 0x6:
          0x0099fb   0x6
    1 destination range, total size 0x6:
          0x000010   0x6



*******************************************************************************
*** MODULE SUMMARY
***

    Module                 ro code  ro data  rw data
    ------                 -------  -------  -------
F:\»ŸÃ©Ω°øµ\∞¥ƒ¶“Œ\RT5510\RT5512”√ªß≥Ã–Ú\RT5510\Debug\Obj: [1]
    Data_Cul.o                 190                 8
    Input.o                     84                 3
    KneadMotor.o               264                 5
    Timer.o                    179                17
    WalkMotor.o                366                 3
    main.o                   2 540      237      159
    stm8s_clk.o                241        4
    stm8s_flash.o              144
    stm8s_gpio.o               195
    stm8s_it.o                  73
    stm8s_iwdg.o                 5
    stm8s_tim1.o               472
    stm8s_tim3.o               162
    stm8s_uart2.o              809
    time4.o                    337                 7
    uart485.o                  467                 5
    ------------------------------------------------
    Total:                   6 528      241      207

command line: [2]
    ------------------------------------------------
    Total:

dbgstm8mmd.a: [3]
    __dbg_break.o                1
    __dbg_xxexit.o              22
    ------------------------------------------------
    Total:                      23

dlstm8mmn.a: [4]
    cexit.o                      6
    char.o                       6
    cstartup.o                  23
    dc_util.o                   88
    exit.o                       4
    far_util.o                  14
    init.o                      30
    init_small.o                70
    interrupt.o                  4      128
    long.o                     392
    long_util.o                 62
    low_level_init.o             3
    short.o                     53
    unhandled_exception.o        3
    vreg_util.o                294
    vregs.o                                       16
    ------------------------------------------------
    Total:                   1 052      128       16

    Linker created                      148      256
----------------------------------------------------
    Grand Total:             7 603      521      479


*******************************************************************************
*** ENTRY LIST
***

Entry                      Address   Size  Type      Object
-----                      -------   ----  ----      ------
.iar.init_table$$Base     0x0099d9          --   Gb  - Linker created -
.iar.init_table$$Limit    0x0099ed          --   Gb  - Linker created -
?add32_l0_l0_0x           0x009c0d         Code  Gb  long.o [4]
?add32_l0_l0_l1           0x009c0a         Code  Gb  long.o [4]
?and32_l0_l0_0x           0x009d38         Code  Gb  long.o [4]
?and32_l0_l0_l1           0x009d35         Code  Gb  long.o [4]
?b0                       0x000000         Data  Gb  vregs.o [4]
?b1                       0x000001         Data  Gb  vregs.o [4]
?b10                      0x00000a         Data  Gb  vregs.o [4]
?b11                      0x00000b         Data  Gb  vregs.o [4]
?b12                      0x00000c         Data  Gb  vregs.o [4]
?b13                      0x00000d         Data  Gb  vregs.o [4]
?b14                      0x00000e         Data  Gb  vregs.o [4]
?b15                      0x00000f         Data  Gb  vregs.o [4]
?b2                       0x000002         Data  Gb  vregs.o [4]
?b3                       0x000003         Data  Gb  vregs.o [4]
?b4                       0x000004         Data  Gb  vregs.o [4]
?b5                       0x000005         Data  Gb  vregs.o [4]
?b6                       0x000006         Data  Gb  vregs.o [4]
?b7                       0x000007         Data  Gb  vregs.o [4]
?b8                       0x000008         Data  Gb  vregs.o [4]
?b9                       0x000009         Data  Gb  vregs.o [4]
?dc32_l0                  0x00af2b         Code  Gb  dc_util.o [4]
?dc32_l1                  0x00af57         Code  Gb  dc_util.o [4]
?dec32_0x_0x              0x009bf6         Code  Gb  long.o [4]
?dec32_l1_l1              0x009bf1         Code  Gb  long.o [4]
?e0                       0x000001         Data  Gb  vregs.o [4]
?e1                       0x000005         Data  Gb  vregs.o [4]
?e2                       0x000009         Data  Gb  vregs.o [4]
?e3                       0x00000d         Data  Gb  vregs.o [4]
?epilogue_l2              0x00a1e9         Code  Gb  vreg_util.o [4]
?epilogue_l2_l3           0x00a1e5         Code  Gb  vreg_util.o [4]
?epilogue_l2_w6           0x00a1ee         Code  Gb  vreg_util.o [4]
?epilogue_w4              0x00a1f7         Code  Gb  vreg_util.o [4]
?inc32_0x_0x              0x009be3         Code  Gb  long.o [4]
?inc32_l0_l0              0x009bd9         Code  Gb  long.o [4]
?inc32_l2_l2              0x009bde         Code  Gb  long.o [4]
?l0                       0x000000         Data  Gb  vregs.o [4]
?l1                       0x000004         Data  Gb  vregs.o [4]
?l2                       0x000008         Data  Gb  vregs.o [4]
?l3                       0x00000c         Data  Gb  vregs.o [4]
?load24_e1_0x             0x00b662         Code  Gb  far_util.o [4]
?load32_0x_l0             0x00b1ba         Code  Gb  long_util.o [4]
?load32_l0_0x             0x00b1a4         Code  Gb  long_util.o [4]
?load32_l0_asp            0x00b198         Code  Gb  long_util.o [4]
?load32_l0_dbsp           0x00b18a         Code  Gb  long_util.o [4]
?load32_l0_xsp            0x00b19a         Code  Gb  long_util.o [4]
?load32_xsp_l0            0x00b1b0         Code  Gb  long_util.o [4]
?mov_e0_e2                0x00a1ff         Code  Gb  vreg_util.o [4]
?mov_e0_e3                0x00a20c         Code  Gb  vreg_util.o [4]
?mov_e1_e0                0x00a219         Code  Gb  vreg_util.o [4]
?mov_e1_e2                0x00a226         Code  Gb  vreg_util.o [4]
?mov_e1_e3                0x00a233         Code  Gb  vreg_util.o [4]
?mov_e2_e0                0x00a240         Code  Gb  vreg_util.o [4]
?mov_e3_e0                0x00a24d         Code  Gb  vreg_util.o [4]
?mov_l0_l2                0x00a1fc         Code  Gb  vreg_util.o [4]
?mov_l0_l3                0x00a209         Code  Gb  vreg_util.o [4]
?mov_l1_l0                0x00a216         Code  Gb  vreg_util.o [4]
?mov_l1_l2                0x00a223         Code  Gb  vreg_util.o [4]
?mov_l1_l3                0x00a230         Code  Gb  vreg_util.o [4]
?mov_l2_l0                0x00a23d         Code  Gb  vreg_util.o [4]
?mov_l3_l0                0x00a24a         Code  Gb  vreg_util.o [4]
?mov_w1_w5                0x00a202         Code  Gb  vreg_util.o [4]
?mov_w1_w7                0x00a20f         Code  Gb  vreg_util.o [4]
?mov_w3_w1                0x00a21c         Code  Gb  vreg_util.o [4]
?mov_w3_w5                0x00a229         Code  Gb  vreg_util.o [4]
?mov_w3_w7                0x00a236         Code  Gb  vreg_util.o [4]
?mov_w5_w1                0x00a243         Code  Gb  vreg_util.o [4]
?mov_w7_w1                0x00a250         Code  Gb  vreg_util.o [4]
?mul16_x_x_w0             0x00b2a6         Code  Gb  short.o [4]
?mul32_l0_l0_l1           0x009c40         Code  Gb  long.o [4]
?pop_l0                   0x00a1ad         Code  Gb  vreg_util.o [4]
?pop_l1                   0x00a1b8         Code  Gb  vreg_util.o [4]
?pop_l2                   0x00a1c3         Code  Gb  vreg_util.o [4]
?pop_l3                   0x00a1ce         Code  Gb  vreg_util.o [4]
?pop_w4                   0x00a157         Code  Gb  vreg_util.o [4]
?pop_w6                   0x00a15e         Code  Gb  vreg_util.o [4]
?pop_w7                   0x00a165         Code  Gb  vreg_util.o [4]
?push_l0                  0x00a178         Code  Gb  vreg_util.o [4]
?push_l1                  0x00a17d         Code  Gb  vreg_util.o [4]
?push_l2                  0x00a182         Code  Gb  vreg_util.o [4]
?push_l3                  0x00a187         Code  Gb  vreg_util.o [4]
?push_w4                  0x00a131         Code  Gb  vreg_util.o [4]
?push_w6                  0x00a136         Code  Gb  vreg_util.o [4]
?push_w7                  0x00a13b         Code  Gb  vreg_util.o [4]
?sll16_x_x_a              0x00b2c4         Code  Gb  short.o [4]
?sll32_0x_0x_a            0x009d53         Code  Gb  long.o [4]
?sll32_l0_l0_a            0x009d50         Code  Gb  long.o [4]
?srl16_x_x_10             0x00b2d0         Code  Gb  short.o [4]
?srl16_x_x_11             0x00b2cf         Code  Gb  short.o [4]
?srl16_x_x_12             0x00b2ce         Code  Gb  short.o [4]
?srl16_x_x_13             0x00b2cd         Code  Gb  short.o [4]
?srl16_x_x_14             0x00b2cc         Code  Gb  short.o [4]
?srl16_x_x_4              0x00b2d6         Code  Gb  short.o [4]
?srl16_x_x_5              0x00b2d5         Code  Gb  short.o [4]
?srl16_x_x_6              0x00b2d4         Code  Gb  short.o [4]
?srl16_x_x_7              0x00b2d3         Code  Gb  short.o [4]
?srl16_x_x_8              0x00b2d2         Code  Gb  short.o [4]
?srl16_x_x_9              0x00b2d1         Code  Gb  short.o [4]
?srl8_a_a_5               0x00b745         Code  Gb  char.o [4]
?srl8_a_a_6               0x00b744         Code  Gb  char.o [4]
?sub32_l0_l0_0x           0x009c28         Code  Gb  long.o [4]
?sub32_l0_l0_l1           0x009c25         Code  Gb  long.o [4]
?udiv32_l0_dl_l1          0x009cbe         Code  Gb  long.o [4]
?udiv32_l0_l0_dl          0x009cc4         Code  Gb  long.o [4]
?udiv32_l0_l0_l1          0x009cc8         Code  Gb  long.o [4]
?umod32_l1_l0_l1          0x009cc8         Code  Gb  long.o [4]
?w0                       0x000000         Data  Gb  vregs.o [4]
?w1                       0x000002         Data  Gb  vregs.o [4]
?w2                       0x000004         Data  Gb  vregs.o [4]
?w3                       0x000006         Data  Gb  vregs.o [4]
?w4                       0x000008         Data  Gb  vregs.o [4]
?w5                       0x00000a         Data  Gb  vregs.o [4]
?w6                       0x00000c         Data  Gb  vregs.o [4]
?w7                       0x00000e         Data  Gb  vregs.o [4]
ADC1_IRQHandler           0x00b7b5    0x1  Code  Gb  stm8s_it.o [1]
AWU_IRQHandler            0x00b7a6    0x1  Code  Gb  stm8s_it.o [1]
AutoMotor                 0x009900   0xb4  Data  Gb  main.o [1]
BlueToothUart_GetKey      0x00b791    0x4  Code  Gb  uart485.o [1]
BlueToothUart_SetKey      0x00b78d    0x4  Code  Gb  uart485.o [1]
Button                    0x0000dd    0x1  Data  Gb  uart485.o [1]
CLK_GetClockFreq          0x00aed3   0x58  Code  Gb  stm8s_clk.o [1]
CLK_HSICmd                0x00b670    0xd  Code  Gb  stm8s_clk.o [1]
CLK_IRQHandler            0x00b7a7    0x1  Code  Gb  stm8s_it.o [1]
CLK_PeripheralClockConfig
                          0x00ad6d   0x5c  Code  Gb  stm8s_clk.o [1]
CLK_SYSCLKConfig          0x00b36e   0x30  Code  Gb  stm8s_clk.o [1]
CSTACK$$Base              0x000700          --   Gb  - Linker created -
CSTACK$$Limit             0x000800          --   Gb  - Linker created -
Cal_CheckSum              0x00afda   0x51  Code  Gb  main.o [1]
CalculatCheckSum          0x00b23c   0x35  Code  Gb  main.o [1]
Data_Flag_Int             0x00b73e    0x6  Code  Gb  Data_Cul.o [1]
Data_Get_TimeSecond       0x00b769    0x4  Code  Gb  Data_Cul.o [1]
Data_Init                 0x00b60d   0x13  Code  Gb  Data_Cul.o [1]
Data_Set_Start            0x00b491   0x23  Code  Gb  Data_Cul.o [1]
Data_Set_Time             0x00b76d    0x4  Code  Gb  Data_Cul.o [1]
Data_Time_Counter_Proce
                          0x00abd1   0x7a  Code  Gb  Data_Cul.o [1]
E2PROM_Read_Byte          0x00b771    0x4  Code  Gb  main.o [1]
E2PROM_Write_Byte         0x00b1c8   0x3b  Code  Gb  main.o [1]
E2PROM_Write_Bytes        0x00ac4b   0x61  Code  Gb  main.o [1]
EEPROM_EEC_IRQHandler     0x00b7b6    0x1  Code  Gb  stm8s_it.o [1]
EXTI_PORTA_IRQHandler     0x00b7a8    0x1  Code  Gb  stm8s_it.o [1]
EXTI_PORTB_IRQHandler     0x00b7a9    0x1  Code  Gb  stm8s_it.o [1]
EXTI_PORTC_IRQHandler     0x00b7aa    0x1  Code  Gb  stm8s_it.o [1]
EXTI_PORTD_IRQHandler     0x00b7ab    0x1  Code  Gb  stm8s_it.o [1]
EXTI_PORTE_IRQHandler     0x00b7ac    0x1  Code  Gb  stm8s_it.o [1]
FLASH_Lock                0x00b730    0x7  Code  Gb  stm8s_flash.o [1]
FLASH_ProgramByte         0x00b775    0x4  Code  Gb  stm8s_flash.o [1]
FLASH_ReadByte            0x00b779    0x4  Code  Gb  stm8s_flash.o [1]
FLASH_SetProgrammingTime
                          0x00b709    0xb  Code  Gb  stm8s_flash.o [1]
FLASH_Unlock              0x00b5b7   0x16  Code  Gb  stm8s_flash.o [1]
FLASH_WaitForLastOperation
                          0x00ad0d   0x60  Code  Gb  stm8s_flash.o [1]
GPIO_Init                 0x00a679   0xaf  Code  Gb  stm8s_gpio.o [1]
GPIO_ReadInputPin         0x00b71e    0x9  Code  Gb  stm8s_gpio.o [1]
GPIO_WriteHigh            0x00b737    0x7  Code  Gb  stm8s_gpio.o [1]
GPIO_WriteLow             0x00b77d    0x4  Code  Gb  stm8s_gpio.o [1]
GetTotalRuntime           0x00b789    0x4  Code  Gb  uart485.o [1]
GlobalFlags0              0x00003e    0x2  Data  Gb  main.o [1]
HSIDivFactor              0x009a01    0x4  Data  Gb  stm8s_clk.o [1]
I2C_IRQHandler            0x00b7b3    0x1  Code  Gb  stm8s_it.o [1]
INTVEC$$Base              0x009800          --   Gb  - Linker created -
INTVEC$$Limit             0x009900          --   Gb  - Linker created -
IWDG_ReloadCounter        0x00b75f    0x5  Code  Gb  stm8s_iwdg.o [1]
InitClock                 0x00b6fe    0xb  Code  Lc  main.o [1]
Init_Iwdg                 0x00b5e3   0x15  Code  Gb  main.o [1]
Input_5ms_Int             0x00b750    0x5  Code  Gb  Input.o [1]
Input_Initial_IO          0x00b4b4   0x23  Code  Gb  Input.o [1]
Input_Proce               0x00b39e   0x2c  Code  Gb  Input.o [1]
JmpToBootLoader           0x00b714    0xa  Code  Gb  main.o [1]
KneadMotor_Break          0x00afa5   0x11  Code  Gb  KneadMotor.o [1]
KneadMotor_ClockRun       0x00af83   0x11  Code  Gb  KneadMotor.o [1]
KneadMotor_Control        0x00ae7b   0x58  Code  Gb  KneadMotor.o [1]
KneadMotor_Init_IO        0x00adc9   0x59  Code  Gb  KneadMotor.o [1]
KneadMotor_UnClockRun     0x00af94   0x11  Code  Gb  KneadMotor.o [1]
KneadRubbing              0x00afb6   0x24  Code  Gb  KneadMotor.o [1]
KnesdReverseTime          0x0000b6    0x2  Data  Gb  KneadMotor.o [1]
Main_BackProce            0x00a257  0x108  Code  Gb  main.o [1]
Main_Initial_Data         0x00b148   0x42  Code  Gb  main.o [1]
Main_Initial_IO           0x00b535   0x1b  Code  Gb  main.o [1]
Main_Settle               0x00a728   0xae  Code  Gb  main.o [1]
Main_Stop_All             0x00b653    0xf  Code  Gb  main.o [1]
Main_WaitCommand          0x00a7d6   0xab  Code  Gb  main.o [1]
Main_Work_Run             0x009a05  0x1d4  Code  Gb  main.o [1]
MotorControl              0x0000ad    0x5  Data  Gb  main.o [1]
RX_Index                  0x0000ba    0x2  Data  Gb  main.o [1]
Region$$Table$$Base       0x0099d9          --   Gb  - Linker created -
Region$$Table$$Limit      0x0099ed          --   Gb  - Linker created -
Response_Frame_For_BootLoader
                          0x00b2db   0x31  Code  Gb  main.o [1]
Response_Frame_For_Version
                          0x00b271   0x35  Code  Gb  main.o [1]
SPI_IRQHandler            0x00b7ad    0x1  Code  Gb  stm8s_it.o [1]
Settle_State              0x0000cd    0x1  Data  Gb  main.o [1]
Sleep_Process             0x00ab53   0x7e  Code  Gb  main.o [1]
TIM1_CAP_COM_IRQHandler
                          0x00b7ae    0x1  Code  Gb  stm8s_it.o [1]
TIM1_CCxCmd               0x00b105   0x43  Code  Gb  stm8s_tim1.o [1]
TIM1_Cmd                  0x00b67d    0xd  Code  Gb  stm8s_tim1.o [1]
TIM1_CtrlPWMOutputs       0x00b68a    0xd  Code  Gb  stm8s_tim1.o [1]
TIM1_DeInit               0x00a925   0x99  Code  Gb  stm8s_tim1.o [1]
TIM1_OC3Init              0x00acac   0x61  Code  Gb  stm8s_tim1.o [1]
TIM1_OC3PreloadConfig     0x00b697    0xd  Code  Gb  stm8s_tim1.o [1]
TIM1_OC4Init              0x00b0c2   0x43  Code  Gb  stm8s_tim1.o [1]
TIM1_OC4PreloadConfig     0x00b6a4    0xd  Code  Gb  stm8s_tim1.o [1]
TIM1_TimeBaseInit         0x00b46d   0x24  Code  Gb  stm8s_tim1.o [1]
TIM2_CAP_COM_IRQHandler
                          0x00b7b0    0x1  Code  Gb  stm8s_it.o [1]
TIM2_UPD_OVF_BRK_IRQHandler
                          0x00b7af    0x1  Code  Gb  stm8s_it.o [1]
TIM3_ARRPreloadConfig     0x00b6be    0xd  Code  Gb  stm8s_tim3.o [1]
TIM3_CAP_COM_IRQHandler
                          0x00b7b2    0x1  Code  Gb  stm8s_it.o [1]
TIM3_Cmd                  0x00b6b1    0xd  Code  Gb  stm8s_tim3.o [1]
TIM3_OC1Init              0x00b30c   0x31  Code  Gb  stm8s_tim3.o [1]
TIM3_OC1PreloadConfig     0x00b6cb    0xd  Code  Gb  stm8s_tim3.o [1]
TIM3_OC2Init              0x00b33d   0x31  Code  Gb  stm8s_tim3.o [1]
TIM3_OC2PreloadConfig     0x00b6d8    0xd  Code  Gb  stm8s_tim3.o [1]
TIM3_TimeBaseInit         0x00b6f2    0xc  Code  Gb  stm8s_tim3.o [1]
TIM3_UPD_OVF_BRK_IRQHandler
                          0x00b7b1    0x1  Code  Gb  stm8s_it.o [1]
TIM4_UPD_OVF_IRQHandler
                          0x00b56b   0x1b  Code  Gb  stm8s_it.o [1]
TLI_IRQHandler            0x00b7a5    0x1  Code  Gb  stm8s_it.o [1]
TRAP_IRQHandler           0x00b7a4    0x1  Code  Gb  stm8s_it.o [1]
TX_BUF                    0x00a881   0xa4  Code  Gb  main.o [1]
Time4_init                0x00b5f8   0x15  Code  Gb  time4.o [1]
Timer_Counter             0x00aad0   0x83  Code  Gb  Timer.o [1]
Timer_Counter_Clear       0x00b727    0x9  Code  Gb  Timer.o [1]
Timer_Flag_100ms_Int      0x00b764    0x5  Code  Gb  Timer.o [1]
Timer_Flag_50ms_Int       0x00b7a3    0x1  Code  Gb  main.o [1]
Timer_Initial             0x00b4d7   0x22  Code  Gb  Timer.o [1]
UART2_Cmd                 0x00b6e5    0xd  Code  Gb  stm8s_uart2.o [1]
UART2_DeInit              0x00b3f4   0x29  Code  Gb  stm8s_uart2.o [1]
UART2_GetFlagStatus       0x00b079   0x49  Code  Gb  stm8s_uart2.o [1]
UART2_GetITStatus         0x00a50d   0xb6  Code  Gb  stm8s_uart2.o [1]
UART2_ITConfig            0x00a9be   0x8d  Code  Gb  stm8s_uart2.o [1]
UART2_Init                0x009d61  0x15f  Code  Gb  stm8s_uart2.o [1]
UART2_RX_IRQHandler       0x00b550   0x1b  Code  Gb  stm8s_it.o [1]
UART2_ReceiveData8        0x00b781    0x4  Code  Gb  stm8s_uart2.o [1]
UART2_SendData8           0x00b785    0x4  Code  Gb  stm8s_uart2.o [1]
UART2_TX_IRQHandler       0x00b7b4    0x1  Code  Gb  stm8s_it.o [1]
USB_Charging_Control      0x00a35f   0xe2  Code  Gb  main.o [1]
Uart2_SendChar            0x00b586   0x1a  Code  Gb  uart485.o [1]
Uart_SendData             0x00b3ca   0x2a  Code  Gb  uart485.o [1]
Update_Cmd_Resp           0x00b203   0x39  Code  Gb  main.o [1]
WalkControlTime           0x0000c2    0x2  Data  Gb  WalkMotor.o [1]
WalkMotor_Break           0x00b642   0x11  Code  Gb  WalkMotor.o [1]
WalkMotor_Control         0x00a5c3   0xb6  Code  Gb  WalkMotor.o [1]
WalkMotor_Down            0x00b631   0x11  Code  Gb  WalkMotor.o [1]
WalkMotor_Init_IO         0x00aa4b   0x85  Code  Gb  WalkMotor.o [1]
WalkMotor_Up              0x00b620   0x11  Code  Gb  WalkMotor.o [1]
__DebugBreak              0x00b7b7    0x1  Code  Gb  __dbg_break.o [3]
__checksum                0x00befc    0x4  Data  Gb  Place holder __checksum
__checksum_begin {Abs}  0x00009800          --   Gb  command line/config [2]
__checksum_end {Abs}    0x0000bfff          --   Gb  command line/config [2]
__exit                    0x00b5cd   0x16  Code  Gb  __dbg_xxexit.o [3]
__iar_copy_init2          0x00b445         Code  Gb  init_small.o [4]
__iar_data_init2          0x00b4f9   0x1e  Code  Gb  init.o [4]
__iar_program_start       0x00b5a0         Code  Gb  cstartup.o [4]
__iar_unhandled_exception
                          0x00b7a0         Code  Gb  unhandled_exception.o [4]
__iar_zero_init2          0x00b517         Code  Gb  init_small.o [4]
__intvec                  0x009800         Data  Gb  interrupt.o [4]
__low_level_init          0x00b79d    0x3  Code  Gb  low_level_init.o [4]
_exit                     0x00b74a         Code  Gb  cexit.o [4]
_interrupt_1              0x00b7a4         Code  Gb  stm8s_it.o [1]
_interrupt_12             0x00b7ad         Code  Gb  stm8s_it.o [1]
_interrupt_14             0x00b7ae         Code  Gb  stm8s_it.o [1]
_interrupt_15             0x00b7af         Code  Gb  stm8s_it.o [1]
_interrupt_16             0x00b7b0         Code  Gb  stm8s_it.o [1]
_interrupt_17             0x00b7b1         Code  Gb  stm8s_it.o [1]
_interrupt_18             0x00b7b2         Code  Gb  stm8s_it.o [1]
_interrupt_2              0x00b7a5         Code  Gb  stm8s_it.o [1]
_interrupt_21             0x00b7b3         Code  Gb  stm8s_it.o [1]
_interrupt_22             0x00b7b4         Code  Gb  stm8s_it.o [1]
_interrupt_23             0x00b550         Code  Gb  stm8s_it.o [1]
_interrupt_24             0x00b7b5         Code  Gb  stm8s_it.o [1]
_interrupt_25             0x00b56b         Code  Gb  stm8s_it.o [1]
_interrupt_26             0x00b7b6         Code  Gb  stm8s_it.o [1]
_interrupt_3              0x00b7a6         Code  Gb  stm8s_it.o [1]
_interrupt_4              0x00b7a7         Code  Gb  stm8s_it.o [1]
_interrupt_5              0x00b7a8         Code  Gb  stm8s_it.o [1]
_interrupt_6              0x00b7a9         Code  Gb  stm8s_it.o [1]
_interrupt_7              0x00b7aa         Code  Gb  stm8s_it.o [1]
_interrupt_8              0x00b7ab         Code  Gb  stm8s_it.o [1]
_interrupt_9              0x00b7ac         Code  Gb  stm8s_it.o [1]
autoStep                  0x0000d5    0x1  Data  Gb  main.o [1]
b5msFlag                  0x0000c4    0x1  Data  Lc  Input.o [1]
bCloseUsbCharging         0x0000d6    0x1  Data  Gb  main.o [1]
bContinueChargingIsRun    0x0000ca    0x1  Data  Gb  main.o [1]
bGetNextActionStep        0x0000de    0x1  Data  Gb  WalkMotor.o [1]
bMasterSendPacket         0x0000cb    0x1  Data  Gb  main.o [1]
bReceivePacket            0x0000cc    0x1  Data  Gb  main.o [1]
bSecond                   0x00003c    0x2  Data  Lc  Data_Cul.o [1]
bStart                    0x00003a    0x2  Data  Lc  Data_Cul.o [1]
by_Timer_Flag             0x0000dc    0x1  Data  Lc  Timer.o [1]
charge_type               0x0000b2    0x4  Data  Gb  main.o [1]
counter_10ms              0x0000d3    0x1  Data  Gb  main.o [1]
delay                     0x00b41d   0x28  Code  Gb  main.o [1]
exit                      0x00b799    0x4  Code  Gb  exit.o [4]
fill_ver_to_buff          0x00ae22   0x59  Code  Gb  main.o [1]
main                      0x00a441   0xcc  Code  Gb  main.o [1]
main_100ms_int            0x00b755    0x5  Code  Gb  main.o [1]
main_200ms_int            0x00b75a    0x5  Code  Gb  main.o [1]
massage_step_tm           0x000032    0x4  Data  Gb  main.o [1]
massage_step_tm_flag      0x00002e    0x4  Data  Gb  main.o [1]
nACKcurActionStep         0x0000d1    0x1  Data  Gb  main.o [1]
nBackMainRunMode          0x0000ce    0x1  Data  Gb  main.o [1]
nBackSubRunMode           0x0000cf    0x1  Data  Gb  main.o [1]
nChairRunState            0x0000d2    0x1  Data  Gb  main.o [1]
nCounter_2ms              0x0000d4    0x1  Data  Gb  main.o [1]
nCurActionStepCounter     0x0000d0    0x1  Data  Gb  main.o [1]
nCurSubFunction           0x000044    0x1  Data  Gb  main.o [1]
nGetTotalTime             0x0000b8    0x2  Data  Gb  main.o [1]
nRxBuf                    0x000027    0x7  Data  Gb  main.o [1]
nTxBuf                    0x000016   0x11  Data  Gb  main.o [1]
nTxBufCount               0x000045    0x1  Data  Gb  main.o [1]
pPCBAVER                  0x000012    0x2  Data  Gb  main.o [1]
pSWVER                    0x000010    0x2  Data  Gb  main.o [1]
programExecTime           0x000038    0x2  Data  Lc  Data_Cul.o [1]
read_io_down              0x0000c6    0x1  Data  Gb  Input.o [1]
read_io_up                0x0000c5    0x1  Data  Gb  Input.o [1]
resp_buff                 0x000046   0x57  Data  Gb  main.o [1]
runTime                   0x000040    0x2  Data  Gb  main.o [1]
tim_close_usbcharging     0x000014    0x2  Data  Gb  main.o [1]
time4_interrupt           0x009ec0  0x13c  Code  Gb  time4.o [1]
uart2_init                0x00b02b   0x4e  Code  Gb  uart485.o [1]
uart2_received            0x009ffc  0x135  Code  Gb  uart485.o [1]
ucTotalRunTime            0x0000be    0x2  Data  Gb  uart485.o [1]
update_cmd                0x0000c0    0x2  Data  Gb  uart485.o [1]
w_PresetTime              0x000042    0x2  Data  Gb  main.o [1]
w_Time                    0x000036    0x2  Data  Lc  Data_Cul.o [1]
w_Timer_Data              0x00009d   0x10  Data  Lc  Timer.o [1]


[1] = F:\»ŸÃ©Ω°øµ\∞¥ƒ¶“Œ\RT5510\RT5512”√ªß≥Ã–Ú\RT5510\Debug\Obj
[2] = command line
[3] = dbgstm8mmd.a
[4] = dlstm8mmn.a

  7 603 bytes of readonly  code memory
    521 bytes of readonly  data memory
    479 bytes of readwrite data memory

Errors: none
Warnings: none
